
----- spawn 2026-05-28 12:37:37 +0000 args=["/Users/ethan/w/trend/scripts/run_live_loop.py", "--skip-symbols", "MBT,MET", "--flatten-account"] -----
2026-05-28 07:37:38,297 INFO run_live_loop: connecting to 127.0.0.1:4002 clientId=14
2026-05-28 07:37:38,297 INFO ib_async.client: Connecting to 127.0.0.1:4002 with clientId 14...
2026-05-28 07:37:38,298 INFO ib_async.client: Connected
2026-05-28 07:37:38,302 INFO ib_async.client: Logged on to server version 178
2026-05-28 07:37:38,304 INFO ib_async.wrapper: Warning 2104, reqId -1: Market data farm connection is OK:usfarm
2026-05-28 07:37:38,304 INFO ib_async.wrapper: Warning 2106, reqId -1: HMDS data farm connection is OK:ushmds
2026-05-28 07:37:38,304 INFO ib_async.wrapper: Warning 2158, reqId -1: Sec-def data farm connection is OK:secdefil
2026-05-28 07:37:38,304 INFO ib_async.client: API connection ready
2026-05-28 07:37:38,307 INFO ib_async.wrapper: position: Position(account='DUQ426424', contract=Future(conId=770561189, symbol='M2K', lastTradeDateOrContractMonth='20260618', multiplier='5', currency='USD', localSymbol='M2KM6', tradingClass='M2K'), position=1.0, avgCost=14645.62)
2026-05-28 07:37:38,408 INFO ib_async.wrapper: updatePortfolio: PortfolioItem(contract=Future(conId=770561189, symbol='M2K', lastTradeDateOrContractMonth='20260618', right='0', multiplier='5', primaryExchange='CME', currency='USD', localSymbol='M2KM6', tradingClass='M2K'), position=1.0, marketPrice=2922.0, marketValue=14610.0, averageCost=14645.62, unrealizedPNL=-35.62, realizedPNL=0.0, account='DUQ426424')
2026-05-28 07:37:38,412 INFO ib_async.ib: Synchronization complete
2026-05-28 07:37:38,412 INFO run_live_loop: connected to paper account: DUQ426424
2026-05-28 07:37:38,412 WARNING run_live_loop: skipping symbols (no cells, no orders): ['MBT', 'MET']
2026-05-28 07:37:38,452 INFO run_daily_live: qualified M2K: M2KM6 exp 20260618
2026-05-28 07:37:38,491 INFO run_daily_live: qualified M6A: M6AM6 exp 20260615
2026-05-28 07:37:38,531 INFO run_daily_live: qualified M6B: M6BM6 exp 20260615
2026-05-28 07:37:38,574 INFO run_daily_live: qualified M6E: M6EM6 exp 20260615
2026-05-28 07:37:38,621 INFO run_daily_live: qualified MCL: MCLN6 exp 20260618
2026-05-28 07:37:38,670 INFO run_daily_live: qualified MES: MESM6 exp 20260618
2026-05-28 07:37:38,723 INFO run_daily_live: qualified MGC: MGCQ6 exp 20260827
2026-05-28 07:37:38,775 INFO run_daily_live: qualified MJY: MJYM6 exp 20260615
2026-05-28 07:37:38,821 INFO run_daily_live: qualified MNQ: MNQM6 exp 20260618
2026-05-28 07:37:38,869 INFO run_daily_live: qualified MYM: MYMM6 exp 20260618
2026-05-28 07:37:38,920 INFO run_daily_live: qualified ZC: ZCN6 exp 20260714
2026-05-28 07:37:38,969 INFO run_daily_live: qualified ZN: ZNM6 exp 20260618
2026-05-28 07:37:39,021 INFO run_daily_live: qualified ZS: ZSN6 exp 20260714
2026-05-28 07:37:39,031 INFO ib_async.ib: placeOrder: New order Trade(contract=Future(conId=770561189, symbol='M2K', lastTradeDateOrContractMonth='20260618', multiplier='5', exchange='CME', currency='USD', localSymbol='M2KM6', tradingClass='M2K'), order=MarketOrder(orderId=79, clientId=14, action='SELL', totalQuantity=1, tif='DAY'), orderStatus=OrderStatus(orderId=79, status='PendingSubmit', filled=0.0, remaining=0.0, avgFillPrice=0.0, permId=0, parentId=0, lastFillPrice=0.0, clientId=0, whyHeld='', mktCapPrice=0.0), fills=[], log=[TradeLogEntry(time=datetime.datetime(2026, 5, 28, 12, 37, 39, 30680, tzinfo=datetime.timezone.utc), status='PendingSubmit', message='', errorCode=0)], advancedError='')
2026-05-28 07:37:39,031 WARNING run_live_loop: flattening account: [('M2KM6', -1)]
2026-05-28 07:37:39,162 INFO ib_async.wrapper: orderStatus: Trade(contract=Future(conId=770561189, symbol='M2K', lastTradeDateOrContractMonth='20260618', multiplier='5', exchange='CME', currency='USD', localSymbol='M2KM6', tradingClass='M2K'), order=MarketOrder(orderId=79, clientId=14, permId=369699220, action='SELL', totalQuantity=1.0, lmtPrice=0.0, auxPrice=0.0, tif='DAY'), orderStatus=OrderStatus(orderId=79, status='PreSubmitted', filled=0.0, remaining=1.0, avgFillPrice=0.0, permId=369699220, parentId=0, lastFillPrice=0.0, clientId=14, whyHeld='', mktCapPrice=0.0), fills=[], log=[TradeLogEntry(time=datetime.datetime(2026, 5, 28, 12, 37, 39, 30680, tzinfo=datetime.timezone.utc), status='PendingSubmit', message='', errorCode=0), TradeLogEntry(time=datetime.datetime(2026, 5, 28, 12, 37, 39, 160474, tzinfo=datetime.timezone.utc), status='PreSubmitted', message='', errorCode=0)], advancedError='')
2026-05-28 07:37:39,183 INFO ib_async.wrapper: position: Position(account='DUQ426424', contract=Future(conId=770561189, symbol='M2K', lastTradeDateOrContractMonth='20260618', multiplier='5', currency='USD', localSymbol='M2KM6', tradingClass='M2K'), position=0.0, avgCost=0.0)
2026-05-28 07:37:39,190 INFO ib_async.wrapper: execDetails Execution(execId='0000e1a7.6a25b252.01.01', time=datetime.datetime(2026, 5, 28, 17, 37, 39, tzinfo=datetime.timezone.utc), acctNumber='DUQ426424', exchange='CME', side='SLD', shares=1.0, price=2922.5, permId=369699220, clientId=14, orderId=79, liquidation=0, cumQty=1.0, avgPrice=2922.5, orderRef='', evRule='', evMultiplier=0.0, modelCode='', lastLiquidity=1, pendingPriceRevision=False)
2026-05-28 07:37:39,190 INFO ib_async.wrapper: execDetails: Fill(contract=Future(conId=770561189, symbol='M2K', lastTradeDateOrContractMonth='20260618', multiplier='5', exchange='CME', currency='USD', localSymbol='M2KM6', tradingClass='M2K'), execution=Execution(execId='0000e1a7.6a25b252.01.01', time=datetime.datetime(2026, 5, 28, 17, 37, 39, tzinfo=datetime.timezone.utc), acctNumber='DUQ426424', exchange='CME', side='SLD', shares=1.0, price=2922.5, permId=369699220, clientId=14, orderId=79, liquidation=0, cumQty=1.0, avgPrice=2922.5, orderRef='', evRule='', evMultiplier=0.0, modelCode='', lastLiquidity=1, pendingPriceRevision=False), commissionReport=CommissionReport(execId='', commission=0.0, currency='', realizedPNL=0.0, yield_=0.0, yieldRedemptionDate=0), time=datetime.datetime(2026, 5, 28, 12, 37, 39, 185376, tzinfo=datetime.timezone.utc))
2026-05-28 07:37:39,191 INFO ib_async.wrapper: orderStatus: Trade(contract=Future(conId=770561189, symbol='M2K', lastTradeDateOrContractMonth='20260618', multiplier='5', exchange='CME', currency='USD', localSymbol='M2KM6', tradingClass='M2K'), order=MarketOrder(orderId=79, clientId=14, permId=369699220, action='SELL', totalQuantity=1.0, lmtPrice=0.0, auxPrice=0.0, tif='DAY'), orderStatus=OrderStatus(orderId=79, status='Filled', filled=1.0, remaining=0.0, avgFillPrice=2922.5, permId=369699220, parentId=0, lastFillPrice=2922.5, clientId=14, whyHeld='', mktCapPrice=0.0), fills=[Fill(contract=Future(conId=770561189, symbol='M2K', lastTradeDateOrContractMonth='20260618', multiplier='5', exchange='CME', currency='USD', localSymbol='M2KM6', tradingClass='M2K'), execution=Execution(execId='0000e1a7.6a25b252.01.01', time=datetime.datetime(2026, 5, 28, 17, 37, 39, tzinfo=datetime.timezone.utc), acctNumber='DUQ426424', exchange='CME', side='SLD', shares=1.0, price=2922.5, permId=369699220, clientId=14, orderId=79, liquidation=0, cumQty=1.0, avgPrice=2922.5, orderRef='', evRule='', evMultiplier=0.0, modelCode='', lastLiquidity=1, pendingPriceRevision=False), commissionReport=CommissionReport(execId='', commission=0.0, currency='', realizedPNL=0.0, yield_=0.0, yieldRedemptionDate=0), time=datetime.datetime(2026, 5, 28, 12, 37, 39, 185376, tzinfo=datetime.timezone.utc))], log=[TradeLogEntry(time=datetime.datetime(2026, 5, 28, 12, 37, 39, 30680, tzinfo=datetime.timezone.utc), status='PendingSubmit', message='', errorCode=0), TradeLogEntry(time=datetime.datetime(2026, 5, 28, 12, 37, 39, 160474, tzinfo=datetime.timezone.utc), status='PreSubmitted', message='', errorCode=0), TradeLogEntry(time=datetime.datetime(2026, 5, 28, 12, 37, 39, 185376, tzinfo=datetime.timezone.utc), status='PreSubmitted', message='Fill 1.0@2922.5', errorCode=0), TradeLogEntry(time=datetime.datetime(2026, 5, 28, 12, 37, 39, 190912, tzinfo=datetime.timezone.utc), status='Filled', message='', errorCode=0)], advancedError='')
2026-05-28 07:37:39,191 INFO ib_async.wrapper: commissionReport: CommissionReport(execId='0000e1a7.6a25b252.01.01', commission=0.62, currency='USD', realizedPNL=-33.74, yield_=0.0, yieldRedemptionDate=0)
2026-05-28 07:37:39,191 INFO ib_async.wrapper: position: Position(account='DUQ426424', contract=Future(conId=770561189, symbol='M2K', lastTradeDateOrContractMonth='20260618', multiplier='5', currency='USD', localSymbol='M2KM6', tradingClass='M2K'), position=0.0, avgCost=0.0)
2026-05-28 07:37:39,191 INFO ib_async.wrapper: position: Position(account='DUQ426424', contract=Future(conId=770561189, symbol='M2K', lastTradeDateOrContractMonth='20260618', multiplier='5', currency='USD', localSymbol='M2KM6', tradingClass='M2K'), position=0.0, avgCost=0.0)
2026-05-28 07:37:40,192 INFO ib_async.wrapper: updatePortfolio: PortfolioItem(contract=Future(conId=770561189, symbol='M2K', lastTradeDateOrContractMonth='20260618', right='0', multiplier='5', primaryExchange='CME', currency='USD', localSymbol='M2KM6', tradingClass='M2K'), position=0.0, marketPrice=2922.6599121, marketValue=0.0, averageCost=0.0, unrealizedPNL=0.0, realizedPNL=-33.74, account='DUQ426424')
2026-05-28 07:37:42,034 INFO run_live_loop: replaying history through SimBroker…
2026-05-28 07:37:42,125 INFO trend.runner: replayed 4950 bars for CoreTrend × MES through 2026-05-22
2026-05-28 07:37:42,186 INFO trend.runner: replayed 4950 bars for CoreTrend × MNQ through 2026-05-22
2026-05-28 07:37:42,216 INFO trend.runner: replayed 2762 bars for CoreTrend × M2K through 2026-05-22
2026-05-28 07:37:42,279 INFO trend.runner: replayed 4954 bars for CoreTrend × MYM through 2026-05-22
2026-05-28 07:37:42,339 INFO trend.runner: replayed 4953 bars for CoreTrend × MCL through 2026-05-22
2026-05-28 07:37:42,398 INFO trend.runner: replayed 4951 bars for CoreTrend × MGC through 2026-05-22
2026-05-28 07:37:42,457 INFO trend.runner: replayed 4950 bars for CoreTrend × M6E through 2026-05-22
2026-05-28 07:37:42,518 INFO trend.runner: replayed 4950 bars for CoreTrend × M6B through 2026-05-22
2026-05-28 07:37:42,577 INFO trend.runner: replayed 4950 bars for CoreTrend × MJY through 2026-05-22
2026-05-28 07:37:42,637 INFO trend.runner: replayed 4950 bars for CoreTrend × M6A through 2026-05-22
2026-05-28 07:37:42,692 INFO trend.runner: replayed 4954 bars for CoreTrend × ZN through 2026-05-22
2026-05-28 07:37:42,737 INFO trend.runner: replayed 4127 bars for CoreTrend × ZC through 2026-05-22
2026-05-28 07:37:42,780 INFO trend.runner: replayed 4127 bars for CoreTrend × ZS through 2026-05-22
2026-05-28 07:37:42,799 INFO trend.runner: replayed 4950 bars for TimeReturn × MES through 2026-05-22
2026-05-28 07:37:42,818 INFO trend.runner: replayed 4950 bars for TimeReturn × MNQ through 2026-05-22
2026-05-28 07:37:42,838 INFO trend.runner: replayed 4954 bars for TimeReturn × MYM through 2026-05-22
2026-05-28 07:37:42,858 INFO trend.runner: replayed 4953 bars for TimeReturn × MCL through 2026-05-22
2026-05-28 07:37:42,878 INFO trend.runner: replayed 4951 bars for TimeReturn × MGC through 2026-05-22
2026-05-28 07:37:42,897 INFO trend.runner: replayed 4950 bars for TimeReturn × M6E through 2026-05-22
2026-05-28 07:37:42,918 INFO trend.runner: replayed 4950 bars for TimeReturn × M6B through 2026-05-22
2026-05-28 07:37:42,938 INFO trend.runner: replayed 4950 bars for TimeReturn × MJY through 2026-05-22
2026-05-28 07:37:42,957 INFO trend.runner: replayed 4954 bars for TimeReturn × ZN through 2026-05-22
2026-05-28 07:37:42,971 INFO trend.runner: replayed 4127 bars for TimeReturn × ZS through 2026-05-22
2026-05-28 07:37:43,029 INFO trend.runner: replayed 4950 bars for CounterTrend × MES through 2026-05-22
2026-05-28 07:37:43,086 INFO trend.runner: replayed 4950 bars for CounterTrend × MNQ through 2026-05-22
2026-05-28 07:37:43,116 INFO trend.runner: replayed 2762 bars for CounterTrend × M2K through 2026-05-22
2026-05-28 07:37:43,178 INFO trend.runner: replayed 4954 bars for CounterTrend × MYM through 2026-05-22
2026-05-28 07:37:43,232 INFO trend.runner: replayed 4953 bars for CounterTrend × MCL through 2026-05-22
2026-05-28 07:37:43,286 INFO trend.runner: replayed 4951 bars for CounterTrend × MGC through 2026-05-22
2026-05-28 07:37:43,339 INFO trend.runner: replayed 4950 bars for CounterTrend × M6E through 2026-05-22
2026-05-28 07:37:43,392 INFO trend.runner: replayed 4950 bars for CounterTrend × M6B through 2026-05-22
2026-05-28 07:37:43,444 INFO trend.runner: replayed 4950 bars for CounterTrend × MJY through 2026-05-22
2026-05-28 07:37:43,493 INFO trend.runner: replayed 4954 bars for CounterTrend × ZN through 2026-05-22
2026-05-28 07:37:43,533 INFO trend.runner: replayed 4127 bars for CounterTrend × ZC through 2026-05-22
2026-05-28 07:37:43,570 INFO trend.runner: replayed 4127 bars for CounterTrend × ZS through 2026-05-22
2026-05-28 07:37:43,570 INFO run_live_loop: catching up completed sessions through 2026-05-27…
2026-05-28 07:37:45,529 INFO run_live_loop: catch-up ticked session 2026-05-07 (11 symbols)
2026-05-28 07:37:45,530 INFO run_live_loop: catch-up ticked session 2026-05-08 (11 symbols)
2026-05-28 07:37:45,530 INFO run_live_loop: catch-up ticked session 2026-05-11 (11 symbols)
2026-05-28 07:37:45,530 INFO run_live_loop: catch-up ticked session 2026-05-12 (13 symbols)
2026-05-28 07:37:45,530 INFO run_live_loop: catch-up ticked session 2026-05-13 (13 symbols)
2026-05-28 07:37:45,530 INFO run_live_loop: catch-up ticked session 2026-05-14 (13 symbols)
2026-05-28 07:37:45,530 INFO run_live_loop: catch-up ticked session 2026-05-15 (13 symbols)
2026-05-28 07:37:45,531 INFO run_live_loop: catch-up ticked session 2026-05-18 (13 symbols)
2026-05-28 07:37:45,531 INFO run_live_loop: catch-up ticked session 2026-05-19 (13 symbols)
2026-05-28 07:37:45,532 INFO run_live_loop: catch-up ticked session 2026-05-20 (13 symbols)
2026-05-28 07:37:45,532 INFO run_live_loop: catch-up ticked session 2026-05-21 (13 symbols)
2026-05-28 07:37:45,532 INFO run_live_loop: catch-up ticked session 2026-05-22 (13 symbols)
2026-05-28 07:37:45,534 INFO run_live_loop: catch-up ticked session 2026-05-26 (13 symbols)
2026-05-28 07:37:45,536 INFO run_live_loop: catch-up ticked session 2026-05-27 (13 symbols)
2026-05-28 07:37:45,536 WARNING run_live_loop: FIRST RUN: forcing all cells flat after replay+catch-up
2026-05-28 07:37:45,536 INFO run_live_loop: startup reconcile severity=ok
2026-05-28 07:37:45,540 INFO run_live_loop: entering daily tick loop (fires weekdays at 17:30 ET)
2026-05-28 07:37:45,540 INFO run_live_loop: next tick at 2026-05-28T17:30:00-04:00
2026-05-28 07:40:40,269 INFO ib_async.wrapper: updatePortfolio: PortfolioItem(contract=Future(conId=770561189, symbol='M2K', lastTradeDateOrContractMonth='20260618', right='0', multiplier='5', primaryExchange='CME', currency='USD', localSymbol='M2KM6', tradingClass='M2K'), position=0.0, marketPrice=2921.39990235, marketValue=0.0, averageCost=0.0, unrealizedPNL=0.0, realizedPNL=-33.74, account='DUQ426424')

----- spawn 2026-05-28 12:43:05 +0000 args=["/Users/ethan/w/trend/scripts/run_live_loop.py", "--skip-symbols", "MBT,MET", "--flatten-account"] -----
2026-05-28 07:43:05,872 INFO run_live_loop: connecting to 127.0.0.1:4002 clientId=14
2026-05-28 07:43:05,873 INFO ib_async.client: Connecting to 127.0.0.1:4002 with clientId 14...
2026-05-28 07:43:05,873 INFO ib_async.client: Connected
2026-05-28 07:43:05,878 INFO ib_async.client: Logged on to server version 178
2026-05-28 07:43:05,880 INFO ib_async.wrapper: Warning 2104, reqId -1: Market data farm connection is OK:usfarm
2026-05-28 07:43:05,880 INFO ib_async.wrapper: Warning 2106, reqId -1: HMDS data farm connection is OK:ushmds
2026-05-28 07:43:05,880 INFO ib_async.wrapper: Warning 2158, reqId -1: Sec-def data farm connection is OK:secdefil
2026-05-28 07:43:05,880 INFO ib_async.client: API connection ready
2026-05-28 07:43:05,886 INFO ib_async.wrapper: position: Position(account='DUQ426424', contract=Future(conId=770561189, symbol='M2K', lastTradeDateOrContractMonth='20260618', multiplier='5', currency='USD', localSymbol='M2KM6', tradingClass='M2K'), position=0.0, avgCost=0.0)
2026-05-28 07:43:06,084 INFO ib_async.wrapper: updatePortfolio: PortfolioItem(contract=Future(conId=770561189, symbol='M2K', lastTradeDateOrContractMonth='20260618', right='0', multiplier='5', primaryExchange='CME', currency='USD', localSymbol='M2KM6', tradingClass='M2K'), position=0.0, marketPrice=2921.39990235, marketValue=0.0, averageCost=0.0, unrealizedPNL=0.0, realizedPNL=-33.74, account='DUQ426424')
2026-05-28 07:43:06,191 INFO ib_async.wrapper: execDetails Execution(execId='0000e1a7.6a25b252.01.01', time=datetime.datetime(2026, 5, 28, 12, 37, 39, tzinfo=datetime.timezone.utc), acctNumber='DUQ426424', exchange='CME', side='SLD', shares=1.0, price=2922.5, permId=369699220, clientId=14, orderId=79, liquidation=0, cumQty=1.0, avgPrice=2922.5, orderRef='', evRule='', evMultiplier=0.0, modelCode='', lastLiquidity=1, pendingPriceRevision=False)
2026-05-28 07:43:06,191 INFO ib_async.wrapper: commissionReport: CommissionReport(execId='0000e1a7.6a25b252.01.01', commission=0.62, currency='USD', realizedPNL=-33.74, yield_=0.0, yieldRedemptionDate=0)
2026-05-28 07:43:06,191 INFO ib_async.ib: Synchronization complete
2026-05-28 07:43:06,191 INFO run_live_loop: connected to paper account: DUQ426424
2026-05-28 07:43:06,191 WARNING run_live_loop: skipping symbols (no cells, no orders): ['MBT', 'MET']
2026-05-28 07:43:06,233 INFO run_daily_live: qualified M2K: M2KM6 exp 20260618
2026-05-28 07:43:06,272 INFO run_daily_live: qualified M6A: M6AM6 exp 20260615
2026-05-28 07:43:06,311 INFO run_daily_live: qualified M6B: M6BM6 exp 20260615
2026-05-28 07:43:06,349 INFO run_daily_live: qualified M6E: M6EM6 exp 20260615
2026-05-28 07:43:06,393 INFO run_daily_live: qualified MCL: MCLN6 exp 20260618
2026-05-28 07:43:06,450 INFO run_daily_live: qualified MES: MESM6 exp 20260618
2026-05-28 07:43:06,504 INFO run_daily_live: qualified MGC: MGCQ6 exp 20260827
2026-05-28 07:43:06,574 INFO run_daily_live: qualified MJY: MJYM6 exp 20260615
2026-05-28 07:43:06,613 INFO run_daily_live: qualified MNQ: MNQM6 exp 20260618
2026-05-28 07:43:06,664 INFO run_daily_live: qualified MYM: MYMM6 exp 20260618
2026-05-28 07:43:06,711 INFO run_daily_live: qualified ZC: ZCN6 exp 20260714
2026-05-28 07:43:06,762 INFO run_daily_live: qualified ZN: ZNM6 exp 20260618
2026-05-28 07:43:06,808 INFO run_daily_live: qualified ZS: ZSN6 exp 20260714
2026-05-28 07:43:06,808 INFO run_live_loop: replaying history through SimBroker…
2026-05-28 07:43:06,875 INFO trend.runner: replayed 4950 bars for CoreTrend × MES through 2026-05-22
2026-05-28 07:43:06,937 INFO trend.runner: replayed 4950 bars for CoreTrend × MNQ through 2026-05-22
2026-05-28 07:43:06,968 INFO trend.runner: replayed 2762 bars for CoreTrend × M2K through 2026-05-22
2026-05-28 07:43:07,030 INFO trend.runner: replayed 4954 bars for CoreTrend × MYM through 2026-05-22
2026-05-28 07:43:07,093 INFO trend.runner: replayed 4953 bars for CoreTrend × MCL through 2026-05-22
2026-05-28 07:43:07,155 INFO trend.runner: replayed 4951 bars for CoreTrend × MGC through 2026-05-22
2026-05-28 07:43:07,218 INFO trend.runner: replayed 4950 bars for CoreTrend × M6E through 2026-05-22
2026-05-28 07:43:07,284 INFO trend.runner: replayed 4950 bars for CoreTrend × M6B through 2026-05-22
2026-05-28 07:43:07,344 INFO trend.runner: replayed 4950 bars for CoreTrend × MJY through 2026-05-22
2026-05-28 07:43:07,405 INFO trend.runner: replayed 4950 bars for CoreTrend × M6A through 2026-05-22
2026-05-28 07:43:07,459 INFO trend.runner: replayed 4954 bars for CoreTrend × ZN through 2026-05-22
2026-05-28 07:43:07,505 INFO trend.runner: replayed 4127 bars for CoreTrend × ZC through 2026-05-22
2026-05-28 07:43:07,547 INFO trend.runner: replayed 4127 bars for CoreTrend × ZS through 2026-05-22
2026-05-28 07:43:07,567 INFO trend.runner: replayed 4950 bars for TimeReturn × MES through 2026-05-22
2026-05-28 07:43:07,586 INFO trend.runner: replayed 4950 bars for TimeReturn × MNQ through 2026-05-22
2026-05-28 07:43:07,606 INFO trend.runner: replayed 4954 bars for TimeReturn × MYM through 2026-05-22
2026-05-28 07:43:07,627 INFO trend.runner: replayed 4953 bars for TimeReturn × MCL through 2026-05-22
2026-05-28 07:43:07,646 INFO trend.runner: replayed 4951 bars for TimeReturn × MGC through 2026-05-22
2026-05-28 07:43:07,666 INFO trend.runner: replayed 4950 bars for TimeReturn × M6E through 2026-05-22
2026-05-28 07:43:07,686 INFO trend.runner: replayed 4950 bars for TimeReturn × M6B through 2026-05-22
2026-05-28 07:43:07,707 INFO trend.runner: replayed 4950 bars for TimeReturn × MJY through 2026-05-22
2026-05-28 07:43:07,726 INFO trend.runner: replayed 4954 bars for TimeReturn × ZN through 2026-05-22
2026-05-28 07:43:07,741 INFO trend.runner: replayed 4127 bars for TimeReturn × ZS through 2026-05-22
2026-05-28 07:43:07,800 INFO trend.runner: replayed 4950 bars for CounterTrend × MES through 2026-05-22
2026-05-28 07:43:07,858 INFO trend.runner: replayed 4950 bars for CounterTrend × MNQ through 2026-05-22
2026-05-28 07:43:07,886 INFO trend.runner: replayed 2762 bars for CounterTrend × M2K through 2026-05-22
2026-05-28 07:43:07,949 INFO trend.runner: replayed 4954 bars for CounterTrend × MYM through 2026-05-22
2026-05-28 07:43:08,004 INFO trend.runner: replayed 4953 bars for CounterTrend × MCL through 2026-05-22
2026-05-28 07:43:08,057 INFO trend.runner: replayed 4951 bars for CounterTrend × MGC through 2026-05-22
2026-05-28 07:43:08,111 INFO trend.runner: replayed 4950 bars for CounterTrend × M6E through 2026-05-22
2026-05-28 07:43:08,164 INFO trend.runner: replayed 4950 bars for CounterTrend × M6B through 2026-05-22
2026-05-28 07:43:08,216 INFO trend.runner: replayed 4950 bars for CounterTrend × MJY through 2026-05-22
2026-05-28 07:43:08,264 INFO trend.runner: replayed 4954 bars for CounterTrend × ZN through 2026-05-22
2026-05-28 07:43:08,303 INFO trend.runner: replayed 4127 bars for CounterTrend × ZC through 2026-05-22
2026-05-28 07:43:08,340 INFO trend.runner: replayed 4127 bars for CounterTrend × ZS through 2026-05-22
2026-05-28 07:43:08,340 INFO run_live_loop: catching up completed sessions through 2026-05-27…
2026-05-28 07:43:09,776 INFO run_live_loop: catch-up ticked session 2026-05-07 (11 symbols)
2026-05-28 07:43:09,776 INFO run_live_loop: catch-up ticked session 2026-05-08 (11 symbols)
2026-05-28 07:43:09,776 INFO run_live_loop: catch-up ticked session 2026-05-11 (11 symbols)
2026-05-28 07:43:09,776 INFO run_live_loop: catch-up ticked session 2026-05-12 (13 symbols)
2026-05-28 07:43:09,776 INFO run_live_loop: catch-up ticked session 2026-05-13 (13 symbols)
2026-05-28 07:43:09,777 INFO run_live_loop: catch-up ticked session 2026-05-14 (13 symbols)
2026-05-28 07:43:09,777 INFO run_live_loop: catch-up ticked session 2026-05-15 (13 symbols)
2026-05-28 07:43:09,777 INFO run_live_loop: catch-up ticked session 2026-05-18 (13 symbols)
2026-05-28 07:43:09,777 INFO run_live_loop: catch-up ticked session 2026-05-19 (13 symbols)
2026-05-28 07:43:09,777 INFO run_live_loop: catch-up ticked session 2026-05-20 (13 symbols)
2026-05-28 07:43:09,777 INFO run_live_loop: catch-up ticked session 2026-05-21 (13 symbols)
2026-05-28 07:43:09,777 INFO run_live_loop: catch-up ticked session 2026-05-22 (13 symbols)
2026-05-28 07:43:09,780 INFO run_live_loop: catch-up ticked session 2026-05-26 (13 symbols)
2026-05-28 07:43:09,782 INFO run_live_loop: catch-up ticked session 2026-05-27 (13 symbols)
2026-05-28 07:43:09,783 WARNING run_live_loop: FIRST RUN: forcing all cells flat after replay+catch-up
2026-05-28 07:43:09,783 INFO run_live_loop: startup reconcile severity=ok
2026-05-28 07:43:09,789 INFO run_live_loop: entering daily tick loop (fires weekdays at 17:30 ET)
2026-05-28 07:43:09,789 INFO run_live_loop: next tick at 2026-05-28T17:30:00-04:00

----- spawn 2026-05-28 12:43:15 +0000 args=["/Users/ethan/w/trend/scripts/run_live_loop.py", "--skip-symbols", "MBT,MET"] -----
2026-05-28 07:43:15,435 INFO run_live_loop: connecting to 127.0.0.1:4002 clientId=14
2026-05-28 07:43:15,435 INFO ib_async.client: Connecting to 127.0.0.1:4002 with clientId 14...
2026-05-28 07:43:15,436 INFO ib_async.client: Connected
2026-05-28 07:43:15,442 INFO ib_async.client: Logged on to server version 178
2026-05-28 07:43:15,443 INFO ib_async.wrapper: Warning 2104, reqId -1: Market data farm connection is OK:usfarm
2026-05-28 07:43:15,443 INFO ib_async.wrapper: Warning 2106, reqId -1: HMDS data farm connection is OK:ushmds
2026-05-28 07:43:15,443 INFO ib_async.wrapper: Warning 2158, reqId -1: Sec-def data farm connection is OK:secdefil
2026-05-28 07:43:15,443 INFO ib_async.client: API connection ready
2026-05-28 07:43:15,453 INFO ib_async.wrapper: position: Position(account='DUQ426424', contract=Future(conId=770561189, symbol='M2K', lastTradeDateOrContractMonth='20260618', multiplier='5', currency='USD', localSymbol='M2KM6', tradingClass='M2K'), position=0.0, avgCost=0.0)
2026-05-28 07:43:15,547 INFO ib_async.wrapper: updatePortfolio: PortfolioItem(contract=Future(conId=770561189, symbol='M2K', lastTradeDateOrContractMonth='20260618', right='0', multiplier='5', primaryExchange='CME', currency='USD', localSymbol='M2KM6', tradingClass='M2K'), position=0.0, marketPrice=2921.39990235, marketValue=0.0, averageCost=0.0, unrealizedPNL=0.0, realizedPNL=-33.74, account='DUQ426424')
2026-05-28 07:43:15,554 INFO ib_async.wrapper: execDetails Execution(execId='0000e1a7.6a25b252.01.01', time=datetime.datetime(2026, 5, 28, 12, 37, 39, tzinfo=datetime.timezone.utc), acctNumber='DUQ426424', exchange='CME', side='SLD', shares=1.0, price=2922.5, permId=369699220, clientId=14, orderId=79, liquidation=0, cumQty=1.0, avgPrice=2922.5, orderRef='', evRule='', evMultiplier=0.0, modelCode='', lastLiquidity=1, pendingPriceRevision=False)
2026-05-28 07:43:15,554 INFO ib_async.wrapper: commissionReport: CommissionReport(execId='0000e1a7.6a25b252.01.01', commission=0.62, currency='USD', realizedPNL=-33.74, yield_=0.0, yieldRedemptionDate=0)
2026-05-28 07:43:15,554 INFO ib_async.ib: Synchronization complete
2026-05-28 07:43:15,554 INFO run_live_loop: connected to paper account: DUQ426424
2026-05-28 07:43:15,554 WARNING run_live_loop: skipping symbols (no cells, no orders): ['MBT', 'MET']
2026-05-28 07:43:15,592 INFO run_daily_live: qualified M2K: M2KM6 exp 20260618
2026-05-28 07:43:15,629 INFO run_daily_live: qualified M6A: M6AM6 exp 20260615
2026-05-28 07:43:15,667 INFO run_daily_live: qualified M6B: M6BM6 exp 20260615
2026-05-28 07:43:15,706 INFO run_daily_live: qualified M6E: M6EM6 exp 20260615
2026-05-28 07:43:15,747 INFO run_daily_live: qualified MCL: MCLN6 exp 20260618
2026-05-28 07:43:15,789 INFO run_daily_live: qualified MES: MESM6 exp 20260618
2026-05-28 07:43:15,838 INFO run_daily_live: qualified MGC: MGCQ6 exp 20260827
2026-05-28 07:43:15,888 INFO run_daily_live: qualified MJY: MJYM6 exp 20260615
2026-05-28 07:43:15,939 INFO run_daily_live: qualified MNQ: MNQM6 exp 20260618
2026-05-28 07:43:15,983 INFO run_daily_live: qualified MYM: MYMM6 exp 20260618
2026-05-28 07:43:16,032 INFO run_daily_live: qualified ZC: ZCN6 exp 20260714
2026-05-28 07:43:16,082 INFO run_daily_live: qualified ZN: ZNM6 exp 20260618
2026-05-28 07:43:16,139 INFO run_daily_live: qualified ZS: ZSN6 exp 20260714
2026-05-28 07:43:16,141 INFO run_live_loop: replaying history through SimBroker…
2026-05-28 07:43:16,248 INFO trend.runner: replayed 4950 bars for CoreTrend × MES through 2026-05-22
2026-05-28 07:43:16,310 INFO trend.runner: replayed 4950 bars for CoreTrend × MNQ through 2026-05-22
2026-05-28 07:43:16,341 INFO trend.runner: replayed 2762 bars for CoreTrend × M2K through 2026-05-22
2026-05-28 07:43:16,402 INFO trend.runner: replayed 4954 bars for CoreTrend × MYM through 2026-05-22
2026-05-28 07:43:16,462 INFO trend.runner: replayed 4953 bars for CoreTrend × MCL through 2026-05-22
2026-05-28 07:43:16,521 INFO trend.runner: replayed 4951 bars for CoreTrend × MGC through 2026-05-22
2026-05-28 07:43:16,581 INFO trend.runner: replayed 4950 bars for CoreTrend × M6E through 2026-05-22
2026-05-28 07:43:16,642 INFO trend.runner: replayed 4950 bars for CoreTrend × M6B through 2026-05-22
2026-05-28 07:43:16,701 INFO trend.runner: replayed 4950 bars for CoreTrend × MJY through 2026-05-22
2026-05-28 07:43:16,761 INFO trend.runner: replayed 4950 bars for CoreTrend × M6A through 2026-05-22
2026-05-28 07:43:16,816 INFO trend.runner: replayed 4954 bars for CoreTrend × ZN through 2026-05-22
2026-05-28 07:43:16,861 INFO trend.runner: replayed 4127 bars for CoreTrend × ZC through 2026-05-22
2026-05-28 07:43:16,903 INFO trend.runner: replayed 4127 bars for CoreTrend × ZS through 2026-05-22
2026-05-28 07:43:16,923 INFO trend.runner: replayed 4950 bars for TimeReturn × MES through 2026-05-22
2026-05-28 07:43:16,942 INFO trend.runner: replayed 4950 bars for TimeReturn × MNQ through 2026-05-22
2026-05-28 07:43:16,962 INFO trend.runner: replayed 4954 bars for TimeReturn × MYM through 2026-05-22
2026-05-28 07:43:16,983 INFO trend.runner: replayed 4953 bars for TimeReturn × MCL through 2026-05-22
2026-05-28 07:43:17,002 INFO trend.runner: replayed 4951 bars for TimeReturn × MGC through 2026-05-22
2026-05-28 07:43:17,022 INFO trend.runner: replayed 4950 bars for TimeReturn × M6E through 2026-05-22
2026-05-28 07:43:17,043 INFO trend.runner: replayed 4950 bars for TimeReturn × M6B through 2026-05-22
2026-05-28 07:43:17,063 INFO trend.runner: replayed 4950 bars for TimeReturn × MJY through 2026-05-22
2026-05-28 07:43:17,082 INFO trend.runner: replayed 4954 bars for TimeReturn × ZN through 2026-05-22
2026-05-28 07:43:17,096 INFO trend.runner: replayed 4127 bars for TimeReturn × ZS through 2026-05-22
2026-05-28 07:43:17,155 INFO trend.runner: replayed 4950 bars for CounterTrend × MES through 2026-05-22
2026-05-28 07:43:17,212 INFO trend.runner: replayed 4950 bars for CounterTrend × MNQ through 2026-05-22
2026-05-28 07:43:17,240 INFO trend.runner: replayed 2762 bars for CounterTrend × M2K through 2026-05-22
2026-05-28 07:43:17,299 INFO trend.runner: replayed 4954 bars for CounterTrend × MYM through 2026-05-22
2026-05-28 07:43:17,353 INFO trend.runner: replayed 4953 bars for CounterTrend × MCL through 2026-05-22
2026-05-28 07:43:17,406 INFO trend.runner: replayed 4951 bars for CounterTrend × MGC through 2026-05-22
2026-05-28 07:43:17,459 INFO trend.runner: replayed 4950 bars for CounterTrend × M6E through 2026-05-22
2026-05-28 07:43:17,512 INFO trend.runner: replayed 4950 bars for CounterTrend × M6B through 2026-05-22
2026-05-28 07:43:17,564 INFO trend.runner: replayed 4950 bars for CounterTrend × MJY through 2026-05-22
2026-05-28 07:43:17,613 INFO trend.runner: replayed 4954 bars for CounterTrend × ZN through 2026-05-22
2026-05-28 07:43:17,652 INFO trend.runner: replayed 4127 bars for CounterTrend × ZC through 2026-05-22
2026-05-28 07:43:17,692 INFO trend.runner: replayed 4127 bars for CounterTrend × ZS through 2026-05-22
2026-05-28 07:43:17,692 INFO run_live_loop: catching up completed sessions through 2026-05-27…
2026-05-28 07:43:19,478 INFO run_live_loop: catch-up ticked session 2026-05-07 (11 symbols)
2026-05-28 07:43:19,478 INFO run_live_loop: catch-up ticked session 2026-05-08 (11 symbols)
2026-05-28 07:43:19,478 INFO run_live_loop: catch-up ticked session 2026-05-11 (11 symbols)
2026-05-28 07:43:19,478 INFO run_live_loop: catch-up ticked session 2026-05-12 (13 symbols)
2026-05-28 07:43:19,479 INFO run_live_loop: catch-up ticked session 2026-05-13 (13 symbols)
2026-05-28 07:43:19,479 INFO run_live_loop: catch-up ticked session 2026-05-14 (13 symbols)
2026-05-28 07:43:19,479 INFO run_live_loop: catch-up ticked session 2026-05-15 (13 symbols)
2026-05-28 07:43:19,479 INFO run_live_loop: catch-up ticked session 2026-05-18 (13 symbols)
2026-05-28 07:43:19,479 INFO run_live_loop: catch-up ticked session 2026-05-19 (13 symbols)
2026-05-28 07:43:19,479 INFO run_live_loop: catch-up ticked session 2026-05-20 (13 symbols)
2026-05-28 07:43:19,479 INFO run_live_loop: catch-up ticked session 2026-05-21 (13 symbols)
2026-05-28 07:43:19,480 INFO run_live_loop: catch-up ticked session 2026-05-22 (13 symbols)
2026-05-28 07:43:19,482 INFO run_live_loop: catch-up ticked session 2026-05-26 (13 symbols)
2026-05-28 07:43:19,485 INFO run_live_loop: catch-up ticked session 2026-05-27 (13 symbols)
2026-05-28 07:43:19,486 WARNING run_live_loop: FIRST RUN: forcing all cells flat after replay+catch-up
2026-05-28 07:43:19,487 INFO run_live_loop: startup reconcile severity=ok
2026-05-28 07:43:19,494 INFO run_live_loop: entering daily tick loop (fires weekdays at 17:30 ET)
2026-05-28 07:43:19,495 INFO run_live_loop: next tick at 2026-05-28T17:30:00-04:00
2026-05-28 07:43:40,313 INFO ib_async.wrapper: updatePortfolio: PortfolioItem(contract=Future(conId=770561189, symbol='M2K', lastTradeDateOrContractMonth='20260618', right='0', multiplier='5', primaryExchange='CME', currency='USD', localSymbol='M2KM6', tradingClass='M2K'), position=0.0, marketPrice=2920.96728515, marketValue=0.0, averageCost=0.0, unrealizedPNL=0.0, realizedPNL=-33.74, account='DUQ426424')
2026-05-28 07:46:41,970 INFO ib_async.wrapper: updatePortfolio: PortfolioItem(contract=Future(conId=770561189, symbol='M2K', lastTradeDateOrContractMonth='20260618', right='0', multiplier='5', primaryExchange='CME', currency='USD', localSymbol='M2KM6', tradingClass='M2K'), position=0.0, marketPrice=2923.3400879, marketValue=0.0, averageCost=0.0, unrealizedPNL=0.0, realizedPNL=-33.74, account='DUQ426424')
2026-05-28 07:49:40,312 INFO ib_async.wrapper: updatePortfolio: PortfolioItem(contract=Future(conId=770561189, symbol='M2K', lastTradeDateOrContractMonth='20260618', right='0', multiplier='5', primaryExchange='CME', currency='USD', localSymbol='M2KM6', tradingClass='M2K'), position=0.0, marketPrice=2923.1599121, marketValue=0.0, averageCost=0.0, unrealizedPNL=0.0, realizedPNL=-33.74, account='DUQ426424')

----- spawn 2026-05-28 12:51:36 +0000 args=["/Users/ethan/w/trend/scripts/run_live_loop.py", "--skip-symbols", "MBT,MET"] -----
2026-05-28 07:51:36,982 INFO run_live_loop: connecting to 127.0.0.1:4002 clientId=14
2026-05-28 07:51:36,982 INFO ib_async.client: Connecting to 127.0.0.1:4002 with clientId 14...
2026-05-28 07:51:36,983 INFO ib_async.client: Connected
2026-05-28 07:51:36,986 INFO ib_async.client: Logged on to server version 178
2026-05-28 07:51:36,995 ERROR ib_async.wrapper: Error 326, reqId -1: Unable to connect as the client id is already in use. Retry with a unique client id.
2026-05-28 07:51:37,508 ERROR ib_async.client: Peer closed connection. clientId 14 already in use?
2026-05-28 07:51:40,986 INFO ib_async.client: Disconnecting
2026-05-28 07:51:40,987 ERROR ib_async.client: API connection failed: TimeoutError()
Traceback (most recent call last):
  File "/opt/homebrew/Cellar/python@3.13/3.13.2/Frameworks/Python.framework/Versions/3.13/lib/python3.13/asyncio/tasks.py", line 507, in wait_for
    return await fut
           ^^^^^^^^^
asyncio.exceptions.CancelledError

The above exception was the direct cause of the following exception:

Traceback (most recent call last):
  File "/Users/ethan/w/trend/scripts/run_live_loop.py", line 543, in <module>
    raise SystemExit(main())
                     ~~~~^^
  File "/Users/ethan/w/trend/scripts/run_live_loop.py", line 403, in main
    reconnect()
    ~~~~~~~~~^^
  File "/Users/ethan/w/trend/scripts/run_live_loop.py", line 401, in reconnect
    state["ib"] = connect_ib(args.host, args.port, args.client_id)
                  ~~~~~~~~~~^^^^^^^^^^^^^^^^^^^^^^^^^^^^^^^^^^^^^^
  File "/Users/ethan/w/trend/scripts/run_live_loop.py", line 61, in connect_ib
    ib.connect(host, port, clientId=client_id, readonly=False)
    ~~~~~~~~~~^^^^^^^^^^^^^^^^^^^^^^^^^^^^^^^^^^^^^^^^^^^^^^^^
  File "/Users/ethan/w/trend/.venv/lib/python3.13/site-packages/ib_async/ib.py", line 369, in connect
    return self._run(
           ~~~~~~~~~^
        self.connectAsync(
        ^^^^^^^^^^^^^^^^^^
    ...<8 lines>...
        )
        ^
    )
    ^
  File "/Users/ethan/w/trend/.venv/lib/python3.13/site-packages/ib_async/ib.py", line 428, in _run
    return util.run(*awaitables, timeout=self.RequestTimeout)
           ~~~~~~~~^^^^^^^^^^^^^^^^^^^^^^^^^^^^^^^^^^^^^^^^^^
  File "/Users/ethan/w/trend/.venv/lib/python3.13/site-packages/ib_async/util.py", line 360, in run
    result = loop.run_until_complete(task)
  File "/opt/homebrew/Cellar/python@3.13/3.13.2/Frameworks/Python.framework/Versions/3.13/lib/python3.13/asyncio/base_events.py", line 725, in run_until_complete
    return future.result()
           ~~~~~~~~~~~~~^^
  File "/Users/ethan/w/trend/.venv/lib/python3.13/site-packages/ib_async/ib.py", line 2043, in connectAsync
    await self.client.connectAsync(host, port, clientId, timeout)
  File "/Users/ethan/w/trend/.venv/lib/python3.13/site-packages/ib_async/client.py", line 227, in connectAsync
    await asyncio.wait_for(self.apiStart, timeout)
  File "/opt/homebrew/Cellar/python@3.13/3.13.2/Frameworks/Python.framework/Versions/3.13/lib/python3.13/asyncio/tasks.py", line 506, in wait_for
    async with timeouts.timeout(timeout):
               ~~~~~~~~~~~~~~~~^^^^^^^^^
  File "/opt/homebrew/Cellar/python@3.13/3.13.2/Frameworks/Python.framework/Versions/3.13/lib/python3.13/asyncio/timeouts.py", line 116, in __aexit__
    raise TimeoutError from exc_val
TimeoutError

----- spawn 2026-05-28 12:51:43 +0000 args=["/Users/ethan/w/trend/scripts/run_live_loop.py", "--skip-symbols", "MBT,MET"] -----
2026-05-28 07:51:43,508 INFO run_live_loop: connecting to 127.0.0.1:4002 clientId=14
2026-05-28 07:51:43,508 INFO ib_async.client: Connecting to 127.0.0.1:4002 with clientId 14...
2026-05-28 07:51:43,508 INFO ib_async.client: Connected
2026-05-28 07:51:43,513 INFO ib_async.client: Logged on to server version 178
2026-05-28 07:51:43,514 ERROR ib_async.wrapper: Error 326, reqId -1: Unable to connect as the client id is already in use. Retry with a unique client id.
2026-05-28 07:51:44,017 ERROR ib_async.client: Peer closed connection. clientId 14 already in use?
2026-05-28 07:51:47,510 INFO ib_async.client: Disconnecting
2026-05-28 07:51:47,511 ERROR ib_async.client: API connection failed: TimeoutError()
Traceback (most recent call last):
  File "/opt/homebrew/Cellar/python@3.13/3.13.2/Frameworks/Python.framework/Versions/3.13/lib/python3.13/asyncio/tasks.py", line 507, in wait_for
    return await fut
           ^^^^^^^^^
asyncio.exceptions.CancelledError

The above exception was the direct cause of the following exception:

Traceback (most recent call last):
  File "/Users/ethan/w/trend/scripts/run_live_loop.py", line 543, in <module>
    raise SystemExit(main())
                     ~~~~^^
  File "/Users/ethan/w/trend/scripts/run_live_loop.py", line 403, in main
    reconnect()
    ~~~~~~~~~^^
  File "/Users/ethan/w/trend/scripts/run_live_loop.py", line 401, in reconnect
    state["ib"] = connect_ib(args.host, args.port, args.client_id)
                  ~~~~~~~~~~^^^^^^^^^^^^^^^^^^^^^^^^^^^^^^^^^^^^^^
  File "/Users/ethan/w/trend/scripts/run_live_loop.py", line 61, in connect_ib
    ib.connect(host, port, clientId=client_id, readonly=False)
    ~~~~~~~~~~^^^^^^^^^^^^^^^^^^^^^^^^^^^^^^^^^^^^^^^^^^^^^^^^
  File "/Users/ethan/w/trend/.venv/lib/python3.13/site-packages/ib_async/ib.py", line 369, in connect
    return self._run(
           ~~~~~~~~~^
        self.connectAsync(
        ^^^^^^^^^^^^^^^^^^
    ...<8 lines>...
        )
        ^
    )
    ^
  File "/Users/ethan/w/trend/.venv/lib/python3.13/site-packages/ib_async/ib.py", line 428, in _run
    return util.run(*awaitables, timeout=self.RequestTimeout)
           ~~~~~~~~^^^^^^^^^^^^^^^^^^^^^^^^^^^^^^^^^^^^^^^^^^
  File "/Users/ethan/w/trend/.venv/lib/python3.13/site-packages/ib_async/util.py", line 360, in run
    result = loop.run_until_complete(task)
  File "/opt/homebrew/Cellar/python@3.13/3.13.2/Frameworks/Python.framework/Versions/3.13/lib/python3.13/asyncio/base_events.py", line 725, in run_until_complete
    return future.result()
           ~~~~~~~~~~~~~^^
  File "/Users/ethan/w/trend/.venv/lib/python3.13/site-packages/ib_async/ib.py", line 2043, in connectAsync
    await self.client.connectAsync(host, port, clientId, timeout)
  File "/Users/ethan/w/trend/.venv/lib/python3.13/site-packages/ib_async/client.py", line 227, in connectAsync
    await asyncio.wait_for(self.apiStart, timeout)
  File "/opt/homebrew/Cellar/python@3.13/3.13.2/Frameworks/Python.framework/Versions/3.13/lib/python3.13/asyncio/tasks.py", line 506, in wait_for
    async with timeouts.timeout(timeout):
               ~~~~~~~~~~~~~~~~^^^^^^^^^
  File "/opt/homebrew/Cellar/python@3.13/3.13.2/Frameworks/Python.framework/Versions/3.13/lib/python3.13/asyncio/timeouts.py", line 116, in __aexit__
    raise TimeoutError from exc_val
TimeoutError

----- spawn 2026-05-28 12:51:51 +0000 args=["/Users/ethan/w/trend/scripts/run_live_loop.py", "--skip-symbols", "MBT,MET"] -----
2026-05-28 07:51:52,017 INFO run_live_loop: connecting to 127.0.0.1:4002 clientId=14
2026-05-28 07:51:52,017 INFO ib_async.client: Connecting to 127.0.0.1:4002 with clientId 14...
2026-05-28 07:51:52,017 INFO ib_async.client: Connected
2026-05-28 07:51:52,021 INFO ib_async.client: Logged on to server version 178
2026-05-28 07:51:52,024 ERROR ib_async.wrapper: Error 326, reqId -1: Unable to connect as the client id is already in use. Retry with a unique client id.
2026-05-28 07:51:52,542 ERROR ib_async.client: Peer closed connection. clientId 14 already in use?
2026-05-28 07:51:56,019 INFO ib_async.client: Disconnecting
2026-05-28 07:51:56,020 ERROR ib_async.client: API connection failed: TimeoutError()
Traceback (most recent call last):
  File "/opt/homebrew/Cellar/python@3.13/3.13.2/Frameworks/Python.framework/Versions/3.13/lib/python3.13/asyncio/tasks.py", line 507, in wait_for
    return await fut
           ^^^^^^^^^
asyncio.exceptions.CancelledError

The above exception was the direct cause of the following exception:

Traceback (most recent call last):
  File "/Users/ethan/w/trend/scripts/run_live_loop.py", line 543, in <module>
    raise SystemExit(main())
                     ~~~~^^
  File "/Users/ethan/w/trend/scripts/run_live_loop.py", line 403, in main
    reconnect()
    ~~~~~~~~~^^
  File "/Users/ethan/w/trend/scripts/run_live_loop.py", line 401, in reconnect
    state["ib"] = connect_ib(args.host, args.port, args.client_id)
                  ~~~~~~~~~~^^^^^^^^^^^^^^^^^^^^^^^^^^^^^^^^^^^^^^
  File "/Users/ethan/w/trend/scripts/run_live_loop.py", line 61, in connect_ib
    ib.connect(host, port, clientId=client_id, readonly=False)
    ~~~~~~~~~~^^^^^^^^^^^^^^^^^^^^^^^^^^^^^^^^^^^^^^^^^^^^^^^^
  File "/Users/ethan/w/trend/.venv/lib/python3.13/site-packages/ib_async/ib.py", line 369, in connect
    return self._run(
           ~~~~~~~~~^
        self.connectAsync(
        ^^^^^^^^^^^^^^^^^^
    ...<8 lines>...
        )
        ^
    )
    ^
  File "/Users/ethan/w/trend/.venv/lib/python3.13/site-packages/ib_async/ib.py", line 428, in _run
    return util.run(*awaitables, timeout=self.RequestTimeout)
           ~~~~~~~~^^^^^^^^^^^^^^^^^^^^^^^^^^^^^^^^^^^^^^^^^^
  File "/Users/ethan/w/trend/.venv/lib/python3.13/site-packages/ib_async/util.py", line 360, in run
    result = loop.run_until_complete(task)
  File "/opt/homebrew/Cellar/python@3.13/3.13.2/Frameworks/Python.framework/Versions/3.13/lib/python3.13/asyncio/base_events.py", line 725, in run_until_complete
    return future.result()
           ~~~~~~~~~~~~~^^
  File "/Users/ethan/w/trend/.venv/lib/python3.13/site-packages/ib_async/ib.py", line 2043, in connectAsync
    await self.client.connectAsync(host, port, clientId, timeout)
  File "/Users/ethan/w/trend/.venv/lib/python3.13/site-packages/ib_async/client.py", line 227, in connectAsync
    await asyncio.wait_for(self.apiStart, timeout)
  File "/opt/homebrew/Cellar/python@3.13/3.13.2/Frameworks/Python.framework/Versions/3.13/lib/python3.13/asyncio/tasks.py", line 506, in wait_for
    async with timeouts.timeout(timeout):
               ~~~~~~~~~~~~~~~~^^^^^^^^^
  File "/opt/homebrew/Cellar/python@3.13/3.13.2/Frameworks/Python.framework/Versions/3.13/lib/python3.13/asyncio/timeouts.py", line 116, in __aexit__
    raise TimeoutError from exc_val
TimeoutError

----- spawn 2026-05-28 12:52:02 +0000 args=["/Users/ethan/w/trend/scripts/run_live_loop.py", "--skip-symbols", "MBT,MET"] -----
2026-05-28 07:52:02,638 INFO run_live_loop: connecting to 127.0.0.1:4002 clientId=14
2026-05-28 07:52:02,638 INFO ib_async.client: Connecting to 127.0.0.1:4002 with clientId 14...
2026-05-28 07:52:02,639 INFO ib_async.client: Connected
2026-05-28 07:52:02,643 INFO ib_async.client: Logged on to server version 178
2026-05-28 07:52:02,645 ERROR ib_async.wrapper: Error 326, reqId -1: Unable to connect as the client id is already in use. Retry with a unique client id.
2026-05-28 07:52:03,157 ERROR ib_async.client: Peer closed connection. clientId 14 already in use?
2026-05-28 07:52:06,645 INFO ib_async.client: Disconnecting
2026-05-28 07:52:06,646 ERROR ib_async.client: API connection failed: TimeoutError()
Traceback (most recent call last):
  File "/opt/homebrew/Cellar/python@3.13/3.13.2/Frameworks/Python.framework/Versions/3.13/lib/python3.13/asyncio/tasks.py", line 507, in wait_for
    return await fut
           ^^^^^^^^^
asyncio.exceptions.CancelledError

The above exception was the direct cause of the following exception:

Traceback (most recent call last):
  File "/Users/ethan/w/trend/scripts/run_live_loop.py", line 543, in <module>
    raise SystemExit(main())
                     ~~~~^^
  File "/Users/ethan/w/trend/scripts/run_live_loop.py", line 403, in main
    reconnect()
    ~~~~~~~~~^^
  File "/Users/ethan/w/trend/scripts/run_live_loop.py", line 401, in reconnect
    state["ib"] = connect_ib(args.host, args.port, args.client_id)
                  ~~~~~~~~~~^^^^^^^^^^^^^^^^^^^^^^^^^^^^^^^^^^^^^^
  File "/Users/ethan/w/trend/scripts/run_live_loop.py", line 61, in connect_ib
    ib.connect(host, port, clientId=client_id, readonly=False)
    ~~~~~~~~~~^^^^^^^^^^^^^^^^^^^^^^^^^^^^^^^^^^^^^^^^^^^^^^^^
  File "/Users/ethan/w/trend/.venv/lib/python3.13/site-packages/ib_async/ib.py", line 369, in connect
    return self._run(
           ~~~~~~~~~^
        self.connectAsync(
        ^^^^^^^^^^^^^^^^^^
    ...<8 lines>...
        )
        ^
    )
    ^
  File "/Users/ethan/w/trend/.venv/lib/python3.13/site-packages/ib_async/ib.py", line 428, in _run
    return util.run(*awaitables, timeout=self.RequestTimeout)
           ~~~~~~~~^^^^^^^^^^^^^^^^^^^^^^^^^^^^^^^^^^^^^^^^^^
  File "/Users/ethan/w/trend/.venv/lib/python3.13/site-packages/ib_async/util.py", line 360, in run
    result = loop.run_until_complete(task)
  File "/opt/homebrew/Cellar/python@3.13/3.13.2/Frameworks/Python.framework/Versions/3.13/lib/python3.13/asyncio/base_events.py", line 725, in run_until_complete
    return future.result()
           ~~~~~~~~~~~~~^^
  File "/Users/ethan/w/trend/.venv/lib/python3.13/site-packages/ib_async/ib.py", line 2043, in connectAsync
    await self.client.connectAsync(host, port, clientId, timeout)
  File "/Users/ethan/w/trend/.venv/lib/python3.13/site-packages/ib_async/client.py", line 227, in connectAsync
    await asyncio.wait_for(self.apiStart, timeout)
  File "/opt/homebrew/Cellar/python@3.13/3.13.2/Frameworks/Python.framework/Versions/3.13/lib/python3.13/asyncio/tasks.py", line 506, in wait_for
    async with timeouts.timeout(timeout):
               ~~~~~~~~~~~~~~~~^^^^^^^^^
  File "/opt/homebrew/Cellar/python@3.13/3.13.2/Frameworks/Python.framework/Versions/3.13/lib/python3.13/asyncio/timeouts.py", line 116, in __aexit__
    raise TimeoutError from exc_val
TimeoutError

----- spawn 2026-05-28 12:52:15 +0000 args=["/Users/ethan/w/trend/scripts/run_live_loop.py", "--skip-symbols", "MBT,MET"] -----
2026-05-28 07:52:15,500 INFO run_live_loop: connecting to 127.0.0.1:4002 clientId=14
2026-05-28 07:52:15,500 INFO ib_async.client: Connecting to 127.0.0.1:4002 with clientId 14...
2026-05-28 07:52:15,501 INFO ib_async.client: Connected
2026-05-28 07:52:15,513 INFO ib_async.client: Logged on to server version 178
2026-05-28 07:52:15,515 ERROR ib_async.wrapper: Error 326, reqId -1: Unable to connect as the client id is already in use. Retry with a unique client id.
2026-05-28 07:52:16,028 ERROR ib_async.client: Peer closed connection. clientId 14 already in use?
2026-05-28 07:52:19,505 INFO ib_async.client: Disconnecting
2026-05-28 07:52:19,505 ERROR ib_async.client: API connection failed: TimeoutError()
Traceback (most recent call last):
  File "/opt/homebrew/Cellar/python@3.13/3.13.2/Frameworks/Python.framework/Versions/3.13/lib/python3.13/asyncio/tasks.py", line 507, in wait_for
    return await fut
           ^^^^^^^^^
asyncio.exceptions.CancelledError

The above exception was the direct cause of the following exception:

Traceback (most recent call last):
  File "/Users/ethan/w/trend/scripts/run_live_loop.py", line 543, in <module>
    raise SystemExit(main())
                     ~~~~^^
  File "/Users/ethan/w/trend/scripts/run_live_loop.py", line 403, in main
    reconnect()
    ~~~~~~~~~^^
  File "/Users/ethan/w/trend/scripts/run_live_loop.py", line 401, in reconnect
    state["ib"] = connect_ib(args.host, args.port, args.client_id)
                  ~~~~~~~~~~^^^^^^^^^^^^^^^^^^^^^^^^^^^^^^^^^^^^^^
  File "/Users/ethan/w/trend/scripts/run_live_loop.py", line 61, in connect_ib
    ib.connect(host, port, clientId=client_id, readonly=False)
    ~~~~~~~~~~^^^^^^^^^^^^^^^^^^^^^^^^^^^^^^^^^^^^^^^^^^^^^^^^
  File "/Users/ethan/w/trend/.venv/lib/python3.13/site-packages/ib_async/ib.py", line 369, in connect
    return self._run(
           ~~~~~~~~~^
        self.connectAsync(
        ^^^^^^^^^^^^^^^^^^
    ...<8 lines>...
        )
        ^
    )
    ^
  File "/Users/ethan/w/trend/.venv/lib/python3.13/site-packages/ib_async/ib.py", line 428, in _run
    return util.run(*awaitables, timeout=self.RequestTimeout)
           ~~~~~~~~^^^^^^^^^^^^^^^^^^^^^^^^^^^^^^^^^^^^^^^^^^
  File "/Users/ethan/w/trend/.venv/lib/python3.13/site-packages/ib_async/util.py", line 360, in run
    result = loop.run_until_complete(task)
  File "/opt/homebrew/Cellar/python@3.13/3.13.2/Frameworks/Python.framework/Versions/3.13/lib/python3.13/asyncio/base_events.py", line 725, in run_until_complete
    return future.result()
           ~~~~~~~~~~~~~^^
  File "/Users/ethan/w/trend/.venv/lib/python3.13/site-packages/ib_async/ib.py", line 2043, in connectAsync
    await self.client.connectAsync(host, port, clientId, timeout)
  File "/Users/ethan/w/trend/.venv/lib/python3.13/site-packages/ib_async/client.py", line 227, in connectAsync
    await asyncio.wait_for(self.apiStart, timeout)
  File "/opt/homebrew/Cellar/python@3.13/3.13.2/Frameworks/Python.framework/Versions/3.13/lib/python3.13/asyncio/tasks.py", line 506, in wait_for
    async with timeouts.timeout(timeout):
               ~~~~~~~~~~~~~~~~^^^^^^^^^
  File "/opt/homebrew/Cellar/python@3.13/3.13.2/Frameworks/Python.framework/Versions/3.13/lib/python3.13/asyncio/timeouts.py", line 116, in __aexit__
    raise TimeoutError from exc_val
TimeoutError

----- spawn 2026-05-28 12:52:29 +0000 args=["/Users/ethan/w/trend/scripts/run_live_loop.py", "--skip-symbols", "MBT,MET"] -----
2026-05-28 07:52:30,004 INFO run_live_loop: connecting to 127.0.0.1:4002 clientId=14
2026-05-28 07:52:30,005 INFO ib_async.client: Connecting to 127.0.0.1:4002 with clientId 14...
2026-05-28 07:52:30,005 INFO ib_async.client: Connected
2026-05-28 07:52:30,007 INFO ib_async.client: Logged on to server version 178
2026-05-28 07:52:30,009 ERROR ib_async.wrapper: Error 326, reqId -1: Unable to connect as the client id is already in use. Retry with a unique client id.
2026-05-28 07:52:30,518 ERROR ib_async.client: Peer closed connection. clientId 14 already in use?
2026-05-28 07:52:34,008 INFO ib_async.client: Disconnecting
2026-05-28 07:52:34,008 ERROR ib_async.client: API connection failed: TimeoutError()
Traceback (most recent call last):
  File "/opt/homebrew/Cellar/python@3.13/3.13.2/Frameworks/Python.framework/Versions/3.13/lib/python3.13/asyncio/tasks.py", line 507, in wait_for
    return await fut
           ^^^^^^^^^
asyncio.exceptions.CancelledError

The above exception was the direct cause of the following exception:

Traceback (most recent call last):
  File "/Users/ethan/w/trend/scripts/run_live_loop.py", line 543, in <module>
    raise SystemExit(main())
                     ~~~~^^
  File "/Users/ethan/w/trend/scripts/run_live_loop.py", line 403, in main
    reconnect()
    ~~~~~~~~~^^
  File "/Users/ethan/w/trend/scripts/run_live_loop.py", line 401, in reconnect
    state["ib"] = connect_ib(args.host, args.port, args.client_id)
                  ~~~~~~~~~~^^^^^^^^^^^^^^^^^^^^^^^^^^^^^^^^^^^^^^
  File "/Users/ethan/w/trend/scripts/run_live_loop.py", line 61, in connect_ib
    ib.connect(host, port, clientId=client_id, readonly=False)
    ~~~~~~~~~~^^^^^^^^^^^^^^^^^^^^^^^^^^^^^^^^^^^^^^^^^^^^^^^^
  File "/Users/ethan/w/trend/.venv/lib/python3.13/site-packages/ib_async/ib.py", line 369, in connect
    return self._run(
           ~~~~~~~~~^
        self.connectAsync(
        ^^^^^^^^^^^^^^^^^^
    ...<8 lines>...
        )
        ^
    )
    ^
  File "/Users/ethan/w/trend/.venv/lib/python3.13/site-packages/ib_async/ib.py", line 428, in _run
    return util.run(*awaitables, timeout=self.RequestTimeout)
           ~~~~~~~~^^^^^^^^^^^^^^^^^^^^^^^^^^^^^^^^^^^^^^^^^^
  File "/Users/ethan/w/trend/.venv/lib/python3.13/site-packages/ib_async/util.py", line 360, in run
    result = loop.run_until_complete(task)
  File "/opt/homebrew/Cellar/python@3.13/3.13.2/Frameworks/Python.framework/Versions/3.13/lib/python3.13/asyncio/base_events.py", line 725, in run_until_complete
    return future.result()
           ~~~~~~~~~~~~~^^
  File "/Users/ethan/w/trend/.venv/lib/python3.13/site-packages/ib_async/ib.py", line 2043, in connectAsync
    await self.client.connectAsync(host, port, clientId, timeout)
  File "/Users/ethan/w/trend/.venv/lib/python3.13/site-packages/ib_async/client.py", line 227, in connectAsync
    await asyncio.wait_for(self.apiStart, timeout)
  File "/opt/homebrew/Cellar/python@3.13/3.13.2/Frameworks/Python.framework/Versions/3.13/lib/python3.13/asyncio/tasks.py", line 506, in wait_for
    async with timeouts.timeout(timeout):
               ~~~~~~~~~~~~~~~~^^^^^^^^^
  File "/opt/homebrew/Cellar/python@3.13/3.13.2/Frameworks/Python.framework/Versions/3.13/lib/python3.13/asyncio/timeouts.py", line 116, in __aexit__
    raise TimeoutError from exc_val
TimeoutError

----- spawn 2026-05-28 12:56:37 +0000 args=["/Users/ethan/w/trend/scripts/run_live_loop.py", "--skip-symbols", "MBT,MET", "--exit-on-orphan"] -----
2026-05-28 07:56:37,800 INFO run_live_loop: connecting to 127.0.0.1:4002 clientId=14
2026-05-28 07:56:37,800 INFO ib_async.client: Connecting to 127.0.0.1:4002 with clientId 14...
2026-05-28 07:56:37,801 INFO ib_async.client: Connected
2026-05-28 07:56:37,810 INFO ib_async.client: Logged on to server version 178
2026-05-28 07:56:37,811 INFO ib_async.wrapper: Warning 2104, reqId -1: Market data farm connection is OK:usfarm
2026-05-28 07:56:37,811 INFO ib_async.wrapper: Warning 2106, reqId -1: HMDS data farm connection is OK:ushmds
2026-05-28 07:56:37,811 INFO ib_async.wrapper: Warning 2158, reqId -1: Sec-def data farm connection is OK:secdefil
2026-05-28 07:56:37,811 INFO ib_async.client: API connection ready
2026-05-28 07:56:37,815 INFO ib_async.wrapper: position: Position(account='DUQ426424', contract=Future(conId=770561189, symbol='M2K', lastTradeDateOrContractMonth='20260618', multiplier='5', currency='USD', localSymbol='M2KM6', tradingClass='M2K'), position=0.0, avgCost=0.0)
2026-05-28 07:56:37,914 INFO ib_async.wrapper: updatePortfolio: PortfolioItem(contract=Future(conId=770561189, symbol='M2K', lastTradeDateOrContractMonth='20260618', right='0', multiplier='5', primaryExchange='CME', currency='USD', localSymbol='M2KM6', tradingClass='M2K'), position=0.0, marketPrice=2924.4399414, marketValue=0.0, averageCost=0.0, unrealizedPNL=0.0, realizedPNL=-33.74, account='DUQ426424')
2026-05-28 07:56:37,920 INFO ib_async.wrapper: execDetails Execution(execId='0000e1a7.6a25b252.01.01', time=datetime.datetime(2026, 5, 28, 12, 37, 39, tzinfo=datetime.timezone.utc), acctNumber='DUQ426424', exchange='CME', side='SLD', shares=1.0, price=2922.5, permId=369699220, clientId=14, orderId=79, liquidation=0, cumQty=1.0, avgPrice=2922.5, orderRef='', evRule='', evMultiplier=0.0, modelCode='', lastLiquidity=1, pendingPriceRevision=False)
2026-05-28 07:56:37,920 INFO ib_async.wrapper: commissionReport: CommissionReport(execId='0000e1a7.6a25b252.01.01', commission=0.62, currency='USD', realizedPNL=-33.74, yield_=0.0, yieldRedemptionDate=0)
2026-05-28 07:56:37,920 INFO ib_async.ib: Synchronization complete
2026-05-28 07:56:37,921 INFO run_live_loop: connected to paper account: DUQ426424
2026-05-28 07:56:37,921 WARNING run_live_loop: skipping symbols (no cells, no orders): ['MBT', 'MET']
2026-05-28 07:56:37,961 INFO run_daily_live: qualified M2K: M2KM6 exp 20260618
2026-05-28 07:56:37,999 INFO run_daily_live: qualified M6A: M6AM6 exp 20260615
2026-05-28 07:56:38,038 INFO run_daily_live: qualified M6B: M6BM6 exp 20260615
2026-05-28 07:56:38,077 INFO run_daily_live: qualified M6E: M6EM6 exp 20260615
2026-05-28 07:56:38,120 INFO run_daily_live: qualified MCL: MCLN6 exp 20260618
2026-05-28 07:56:38,164 INFO run_daily_live: qualified MES: MESM6 exp 20260618
2026-05-28 07:56:38,212 INFO run_daily_live: qualified MGC: MGCQ6 exp 20260827
2026-05-28 07:56:38,255 INFO run_daily_live: qualified MJY: MJYM6 exp 20260615
2026-05-28 07:56:38,294 INFO run_daily_live: qualified MNQ: MNQM6 exp 20260618
2026-05-28 07:56:38,336 INFO run_daily_live: qualified MYM: MYMM6 exp 20260618
2026-05-28 07:56:38,380 INFO run_daily_live: qualified ZC: ZCN6 exp 20260714
2026-05-28 07:56:38,429 INFO run_daily_live: qualified ZN: ZNM6 exp 20260618
2026-05-28 07:56:38,481 INFO run_daily_live: qualified ZS: ZSN6 exp 20260714
2026-05-28 07:56:38,483 INFO run_live_loop: replaying history through SimBroker…
2026-05-28 07:56:38,548 INFO trend.runner: replayed 4950 bars for CoreTrend × MES through 2026-05-22
2026-05-28 07:56:38,611 INFO trend.runner: replayed 4950 bars for CoreTrend × MNQ through 2026-05-22
2026-05-28 07:56:38,642 INFO trend.runner: replayed 2762 bars for CoreTrend × M2K through 2026-05-22
2026-05-28 07:56:38,704 INFO trend.runner: replayed 4954 bars for CoreTrend × MYM through 2026-05-22
2026-05-28 07:56:38,767 INFO trend.runner: replayed 4953 bars for CoreTrend × MCL through 2026-05-22
2026-05-28 07:56:38,827 INFO trend.runner: replayed 4951 bars for CoreTrend × MGC through 2026-05-22
2026-05-28 07:56:38,889 INFO trend.runner: replayed 4950 bars for CoreTrend × M6E through 2026-05-22
2026-05-28 07:56:38,952 INFO trend.runner: replayed 4950 bars for CoreTrend × M6B through 2026-05-22
2026-05-28 07:56:39,012 INFO trend.runner: replayed 4950 bars for CoreTrend × MJY through 2026-05-22
2026-05-28 07:56:39,074 INFO trend.runner: replayed 4950 bars for CoreTrend × M6A through 2026-05-22
2026-05-28 07:56:39,130 INFO trend.runner: replayed 4954 bars for CoreTrend × ZN through 2026-05-22
2026-05-28 07:56:39,177 INFO trend.runner: replayed 4127 bars for CoreTrend × ZC through 2026-05-22
2026-05-28 07:56:39,220 INFO trend.runner: replayed 4127 bars for CoreTrend × ZS through 2026-05-22
2026-05-28 07:56:39,240 INFO trend.runner: replayed 4950 bars for TimeReturn × MES through 2026-05-22
2026-05-28 07:56:39,260 INFO trend.runner: replayed 4950 bars for TimeReturn × MNQ through 2026-05-22
2026-05-28 07:56:39,281 INFO trend.runner: replayed 4954 bars for TimeReturn × MYM through 2026-05-22
2026-05-28 07:56:39,302 INFO trend.runner: replayed 4953 bars for TimeReturn × MCL through 2026-05-22
2026-05-28 07:56:39,322 INFO trend.runner: replayed 4951 bars for TimeReturn × MGC through 2026-05-22
2026-05-28 07:56:39,342 INFO trend.runner: replayed 4950 bars for TimeReturn × M6E through 2026-05-22
2026-05-28 07:56:39,364 INFO trend.runner: replayed 4950 bars for TimeReturn × M6B through 2026-05-22
2026-05-28 07:56:39,385 INFO trend.runner: replayed 4950 bars for TimeReturn × MJY through 2026-05-22
2026-05-28 07:56:39,404 INFO trend.runner: replayed 4954 bars for TimeReturn × ZN through 2026-05-22
2026-05-28 07:56:39,418 INFO trend.runner: replayed 4127 bars for TimeReturn × ZS through 2026-05-22
2026-05-28 07:56:39,479 INFO trend.runner: replayed 4950 bars for CounterTrend × MES through 2026-05-22
2026-05-28 07:56:39,539 INFO trend.runner: replayed 4950 bars for CounterTrend × MNQ through 2026-05-22
2026-05-28 07:56:39,568 INFO trend.runner: replayed 2762 bars for CounterTrend × M2K through 2026-05-22
2026-05-28 07:56:39,629 INFO trend.runner: replayed 4954 bars for CounterTrend × MYM through 2026-05-22
2026-05-28 07:56:39,687 INFO trend.runner: replayed 4953 bars for CounterTrend × MCL through 2026-05-22
2026-05-28 07:56:39,744 INFO trend.runner: replayed 4951 bars for CounterTrend × MGC through 2026-05-22
2026-05-28 07:56:39,800 INFO trend.runner: replayed 4950 bars for CounterTrend × M6E through 2026-05-22
2026-05-28 07:56:39,857 INFO trend.runner: replayed 4950 bars for CounterTrend × M6B through 2026-05-22
2026-05-28 07:56:39,911 INFO trend.runner: replayed 4950 bars for CounterTrend × MJY through 2026-05-22
2026-05-28 07:56:39,959 INFO trend.runner: replayed 4954 bars for CounterTrend × ZN through 2026-05-22
2026-05-28 07:56:39,998 INFO trend.runner: replayed 4127 bars for CounterTrend × ZC through 2026-05-22
2026-05-28 07:56:40,034 INFO trend.runner: replayed 4127 bars for CounterTrend × ZS through 2026-05-22
2026-05-28 07:56:40,035 INFO run_live_loop: catching up completed sessions through 2026-05-27…
2026-05-28 07:56:42,151 INFO run_live_loop: catch-up ticked session 2026-05-07 (11 symbols)
2026-05-28 07:56:42,151 INFO run_live_loop: catch-up ticked session 2026-05-08 (11 symbols)
2026-05-28 07:56:42,151 INFO run_live_loop: catch-up ticked session 2026-05-11 (11 symbols)
2026-05-28 07:56:42,151 INFO run_live_loop: catch-up ticked session 2026-05-12 (13 symbols)
2026-05-28 07:56:42,152 INFO run_live_loop: catch-up ticked session 2026-05-13 (13 symbols)
2026-05-28 07:56:42,152 INFO run_live_loop: catch-up ticked session 2026-05-14 (13 symbols)
2026-05-28 07:56:42,152 INFO run_live_loop: catch-up ticked session 2026-05-15 (13 symbols)
2026-05-28 07:56:42,152 INFO run_live_loop: catch-up ticked session 2026-05-18 (13 symbols)
2026-05-28 07:56:42,152 INFO run_live_loop: catch-up ticked session 2026-05-19 (13 symbols)
2026-05-28 07:56:42,152 INFO run_live_loop: catch-up ticked session 2026-05-20 (13 symbols)
2026-05-28 07:56:42,152 INFO run_live_loop: catch-up ticked session 2026-05-21 (13 symbols)
2026-05-28 07:56:42,152 INFO run_live_loop: catch-up ticked session 2026-05-22 (13 symbols)
2026-05-28 07:56:42,154 INFO run_live_loop: catch-up ticked session 2026-05-26 (13 symbols)
2026-05-28 07:56:42,155 INFO run_live_loop: catch-up ticked session 2026-05-27 (13 symbols)
2026-05-28 07:56:42,156 WARNING run_live_loop: FIRST RUN: forcing all cells flat after replay+catch-up
2026-05-28 07:56:42,156 INFO run_live_loop: startup reconcile severity=ok
2026-05-28 07:56:42,159 INFO run_live_loop: entering daily tick loop (fires weekdays at 17:30 ET)
2026-05-28 07:56:42,159 INFO run_live_loop: next tick at 2026-05-28T17:30:00-04:00
2026-05-28 07:56:44,164 WARNING run_live_loop: processing command: pause args={}
2026-05-28 07:56:44,164 WARNING run_live_loop: loop paused
2026-05-28 07:56:54,179 WARNING run_live_loop: processing command: resume args={}
2026-05-28 07:56:54,179 WARNING run_live_loop: loop resumed

----- spawn 2026-05-28 12:57:25 +0000 args=["/Users/ethan/w/trend/scripts/run_live_loop.py", "--skip-symbols", "MBT,MET", "--exit-on-orphan"] -----
2026-05-28 07:57:26,008 INFO run_live_loop: connecting to 127.0.0.1:4002 clientId=14
2026-05-28 07:57:26,008 INFO ib_async.client: Connecting to 127.0.0.1:4002 with clientId 14...
2026-05-28 07:57:26,008 INFO ib_async.client: Connected
2026-05-28 07:57:26,014 INFO ib_async.client: Logged on to server version 178
2026-05-28 07:57:26,016 INFO ib_async.wrapper: Warning 2104, reqId -1: Market data farm connection is OK:usfarm
2026-05-28 07:57:26,016 INFO ib_async.wrapper: Warning 2106, reqId -1: HMDS data farm connection is OK:ushmds
2026-05-28 07:57:26,016 INFO ib_async.wrapper: Warning 2158, reqId -1: Sec-def data farm connection is OK:secdefil
2026-05-28 07:57:26,016 INFO ib_async.client: API connection ready
2026-05-28 07:57:26,025 INFO ib_async.wrapper: position: Position(account='DUQ426424', contract=Future(conId=770561189, symbol='M2K', lastTradeDateOrContractMonth='20260618', multiplier='5', currency='USD', localSymbol='M2KM6', tradingClass='M2K'), position=0.0, avgCost=0.0)
2026-05-28 07:57:26,124 INFO ib_async.wrapper: updatePortfolio: PortfolioItem(contract=Future(conId=770561189, symbol='M2K', lastTradeDateOrContractMonth='20260618', right='0', multiplier='5', primaryExchange='CME', currency='USD', localSymbol='M2KM6', tradingClass='M2K'), position=0.0, marketPrice=2924.4399414, marketValue=0.0, averageCost=0.0, unrealizedPNL=0.0, realizedPNL=-33.74, account='DUQ426424')
2026-05-28 07:57:26,131 INFO ib_async.wrapper: execDetails Execution(execId='0000e1a7.6a25b252.01.01', time=datetime.datetime(2026, 5, 28, 12, 37, 39, tzinfo=datetime.timezone.utc), acctNumber='DUQ426424', exchange='CME', side='SLD', shares=1.0, price=2922.5, permId=369699220, clientId=14, orderId=79, liquidation=0, cumQty=1.0, avgPrice=2922.5, orderRef='', evRule='', evMultiplier=0.0, modelCode='', lastLiquidity=1, pendingPriceRevision=False)
2026-05-28 07:57:26,131 INFO ib_async.wrapper: commissionReport: CommissionReport(execId='0000e1a7.6a25b252.01.01', commission=0.62, currency='USD', realizedPNL=-33.74, yield_=0.0, yieldRedemptionDate=0)
2026-05-28 07:57:26,131 INFO ib_async.ib: Synchronization complete
2026-05-28 07:57:26,131 INFO run_live_loop: connected to paper account: DUQ426424
2026-05-28 07:57:26,131 WARNING run_live_loop: skipping symbols (no cells, no orders): ['MBT', 'MET']
2026-05-28 07:57:26,170 INFO run_daily_live: qualified M2K: M2KM6 exp 20260618
2026-05-28 07:57:26,208 INFO run_daily_live: qualified M6A: M6AM6 exp 20260615
2026-05-28 07:57:26,245 INFO run_daily_live: qualified M6B: M6BM6 exp 20260615
2026-05-28 07:57:26,283 INFO run_daily_live: qualified M6E: M6EM6 exp 20260615
2026-05-28 07:57:26,323 INFO run_daily_live: qualified MCL: MCLN6 exp 20260618
2026-05-28 07:57:26,366 INFO run_daily_live: qualified MES: MESM6 exp 20260618
2026-05-28 07:57:26,411 INFO run_daily_live: qualified MGC: MGCQ6 exp 20260827
2026-05-28 07:57:26,453 INFO run_daily_live: qualified MJY: MJYM6 exp 20260615
2026-05-28 07:57:26,502 INFO run_daily_live: qualified MNQ: MNQM6 exp 20260618
2026-05-28 07:57:26,554 INFO run_daily_live: qualified MYM: MYMM6 exp 20260618
2026-05-28 07:57:26,603 INFO run_daily_live: qualified ZC: ZCN6 exp 20260714
2026-05-28 07:57:26,658 INFO run_daily_live: qualified ZN: ZNM6 exp 20260618
2026-05-28 07:57:26,710 INFO run_daily_live: qualified ZS: ZSN6 exp 20260714
2026-05-28 07:57:26,712 INFO run_live_loop: replaying history through SimBroker…
2026-05-28 07:57:26,799 INFO trend.runner: replayed 4950 bars for CoreTrend × MES through 2026-05-22
2026-05-28 07:57:26,860 INFO trend.runner: replayed 4950 bars for CoreTrend × MNQ through 2026-05-22
2026-05-28 07:57:26,890 INFO trend.runner: replayed 2762 bars for CoreTrend × M2K through 2026-05-22
2026-05-28 07:57:26,950 INFO trend.runner: replayed 4954 bars for CoreTrend × MYM through 2026-05-22
2026-05-28 07:57:27,010 INFO trend.runner: replayed 4953 bars for CoreTrend × MCL through 2026-05-22
2026-05-28 07:57:27,068 INFO trend.runner: replayed 4951 bars for CoreTrend × MGC through 2026-05-22
2026-05-28 07:57:27,127 INFO trend.runner: replayed 4950 bars for CoreTrend × M6E through 2026-05-22
2026-05-28 07:57:27,188 INFO trend.runner: replayed 4950 bars for CoreTrend × M6B through 2026-05-22
2026-05-28 07:57:27,246 INFO trend.runner: replayed 4950 bars for CoreTrend × MJY through 2026-05-22
2026-05-28 07:57:27,305 INFO trend.runner: replayed 4950 bars for CoreTrend × M6A through 2026-05-22
2026-05-28 07:57:27,360 INFO trend.runner: replayed 4954 bars for CoreTrend × ZN through 2026-05-22
2026-05-28 07:57:27,406 INFO trend.runner: replayed 4127 bars for CoreTrend × ZC through 2026-05-22
2026-05-28 07:57:27,448 INFO trend.runner: replayed 4127 bars for CoreTrend × ZS through 2026-05-22
2026-05-28 07:57:27,468 INFO trend.runner: replayed 4950 bars for TimeReturn × MES through 2026-05-22
2026-05-28 07:57:27,487 INFO trend.runner: replayed 4950 bars for TimeReturn × MNQ through 2026-05-22
2026-05-28 07:57:27,506 INFO trend.runner: replayed 4954 bars for TimeReturn × MYM through 2026-05-22
2026-05-28 07:57:27,527 INFO trend.runner: replayed 4953 bars for TimeReturn × MCL through 2026-05-22
2026-05-28 07:57:27,547 INFO trend.runner: replayed 4951 bars for TimeReturn × MGC through 2026-05-22
2026-05-28 07:57:27,566 INFO trend.runner: replayed 4950 bars for TimeReturn × M6E through 2026-05-22
2026-05-28 07:57:27,586 INFO trend.runner: replayed 4950 bars for TimeReturn × M6B through 2026-05-22
2026-05-28 07:57:27,606 INFO trend.runner: replayed 4950 bars for TimeReturn × MJY through 2026-05-22
2026-05-28 07:57:27,625 INFO trend.runner: replayed 4954 bars for TimeReturn × ZN through 2026-05-22
2026-05-28 07:57:27,639 INFO trend.runner: replayed 4127 bars for TimeReturn × ZS through 2026-05-22
2026-05-28 07:57:27,698 INFO trend.runner: replayed 4950 bars for CounterTrend × MES through 2026-05-22
2026-05-28 07:57:27,756 INFO trend.runner: replayed 4950 bars for CounterTrend × MNQ through 2026-05-22
2026-05-28 07:57:27,784 INFO trend.runner: replayed 2762 bars for CounterTrend × M2K through 2026-05-22
2026-05-28 07:57:27,841 INFO trend.runner: replayed 4954 bars for CounterTrend × MYM through 2026-05-22
2026-05-28 07:57:27,895 INFO trend.runner: replayed 4953 bars for CounterTrend × MCL through 2026-05-22
2026-05-28 07:57:27,949 INFO trend.runner: replayed 4951 bars for CounterTrend × MGC through 2026-05-22
2026-05-28 07:57:28,002 INFO trend.runner: replayed 4950 bars for CounterTrend × M6E through 2026-05-22
2026-05-28 07:57:28,054 INFO trend.runner: replayed 4950 bars for CounterTrend × M6B through 2026-05-22
2026-05-28 07:57:28,107 INFO trend.runner: replayed 4950 bars for CounterTrend × MJY through 2026-05-22
2026-05-28 07:57:28,155 INFO trend.runner: replayed 4954 bars for CounterTrend × ZN through 2026-05-22
2026-05-28 07:57:28,193 INFO trend.runner: replayed 4127 bars for CounterTrend × ZC through 2026-05-22
2026-05-28 07:57:28,230 INFO trend.runner: replayed 4127 bars for CounterTrend × ZS through 2026-05-22
2026-05-28 07:57:28,230 INFO run_live_loop: catching up completed sessions through 2026-05-27…
2026-05-28 07:57:29,606 INFO run_live_loop: catch-up ticked session 2026-05-07 (11 symbols)
2026-05-28 07:57:29,606 INFO run_live_loop: catch-up ticked session 2026-05-08 (11 symbols)
2026-05-28 07:57:29,606 INFO run_live_loop: catch-up ticked session 2026-05-11 (11 symbols)
2026-05-28 07:57:29,606 INFO run_live_loop: catch-up ticked session 2026-05-12 (13 symbols)
2026-05-28 07:57:29,607 INFO run_live_loop: catch-up ticked session 2026-05-13 (13 symbols)
2026-05-28 07:57:29,607 INFO run_live_loop: catch-up ticked session 2026-05-14 (13 symbols)
2026-05-28 07:57:29,607 INFO run_live_loop: catch-up ticked session 2026-05-15 (13 symbols)
2026-05-28 07:57:29,607 INFO run_live_loop: catch-up ticked session 2026-05-18 (13 symbols)
2026-05-28 07:57:29,607 INFO run_live_loop: catch-up ticked session 2026-05-19 (13 symbols)
2026-05-28 07:57:29,607 INFO run_live_loop: catch-up ticked session 2026-05-20 (13 symbols)
2026-05-28 07:57:29,608 INFO run_live_loop: catch-up ticked session 2026-05-21 (13 symbols)
2026-05-28 07:57:29,608 INFO run_live_loop: catch-up ticked session 2026-05-22 (13 symbols)
2026-05-28 07:57:29,610 INFO run_live_loop: catch-up ticked session 2026-05-26 (13 symbols)
2026-05-28 07:57:29,611 INFO run_live_loop: catch-up ticked session 2026-05-27 (13 symbols)
2026-05-28 07:57:29,611 WARNING run_live_loop: FIRST RUN: forcing all cells flat after replay+catch-up
2026-05-28 07:57:29,612 INFO run_live_loop: startup reconcile severity=ok
2026-05-28 07:57:29,614 INFO run_live_loop: entering daily tick loop (fires weekdays at 17:30 ET)
2026-05-28 07:57:29,614 INFO run_live_loop: next tick at 2026-05-28T17:30:00-04:00
2026-05-28 07:58:40,307 INFO ib_async.wrapper: updatePortfolio: PortfolioItem(contract=Future(conId=770561189, symbol='M2K', lastTradeDateOrContractMonth='20260618', right='0', multiplier='5', primaryExchange='CME', currency='USD', localSymbol='M2KM6', tradingClass='M2K'), position=0.0, marketPrice=2923.97558595, marketValue=0.0, averageCost=0.0, unrealizedPNL=0.0, realizedPNL=-33.74, account='DUQ426424')
2026-05-28 08:01:40,318 INFO ib_async.wrapper: updatePortfolio: PortfolioItem(contract=Future(conId=770561189, symbol='M2K', lastTradeDateOrContractMonth='20260618', right='0', multiplier='5', primaryExchange='CME', currency='USD', localSymbol='M2KM6', tradingClass='M2K'), position=0.0, marketPrice=2925.4428711, marketValue=0.0, averageCost=0.0, unrealizedPNL=0.0, realizedPNL=-33.74, account='DUQ426424')
